// Jest Snapshot v1, https://goo.gl/fbAQLP

exports[`Pruebas en Button Debe de mostrar <Button /> correctamente 1`] = `
<Fragment>
  <button
    className="btn btn-info btn-lg btn-block custom-button"
    onClick={[Function]}
  >
    Anartz
  </button>
</Fragment>
`;
