// Jest Snapshot v1, https://goo.gl/fbAQLP

exports[`Pruebas en Header Debe de mostrar <Header /> correctamente 1`] = `
<nav
  className="navbar navbar-expand-lg navbar-dark bg-dark sticky-top"
>
  <div
    className="container-fluid"
  >
    <button
      aria-controls="navbarTogglerDemo01"
      aria-expanded="false"
      aria-label="Toggle navigation"
      className="navbar-toggler"
      data-bs-target="#navbarTogglerDemo01"
      data-bs-toggle="collapse"
      type="button"
    >
      <span
        className="navbar-toggler-icon"
      />
    </button>
    <div
      className="collapse navbar-collapse"
      id="navbarTogglerDemo01"
    >
      <NavLink
        className="navbar-brand"
        to="/breaking-bad-app"
      >
        Breaking Bad
      </NavLink>
      <ul
        className="navbar-nav me-auto mb-2 mb-lg-0"
      >
        <li
          className="nav-item"
        >
          <NavLink
            className={[Function]}
            to="/breaking-bad-app"
          >
            Home
          </NavLink>
        </li>
        <li
          className="nav-item"
        >
          <NavLink
            className={[Function]}
            to="/breaking-bad-app/episodes"
          >
            Episodes
          </NavLink>
        </li>
        <li
          className="nav-item"
        >
          <NavLink
            className={[Function]}
            to="/breaking-bad-app/votes"
          >
            Votes
          </NavLink>
        </li>
      </ul>
    </div>
  </div>
</nav>
`;
